{
  "id" : 23,
  "category" : null,
  "name" : "HelloPet",
  "photoUrls" : [ ],
  "tags" : null,
  "status" : "available"
}