{
  "id" : null,
  "category" : null,
  "name" : null,
  "photoUrls" : [ ],
  "tags" : null,
  "status" : null
}