{
  "id" : 9876,
  "petId" : 0,
  "quantity" : 0,
  "shipDate" : "2011-01-12T23:24:02Z",
  "status" : "placed",
  "complete" : false
}