Status code: 501 NOT_IMPLEMENTED
Reason: Not implemented
Response headers: [Connection:"close"]
