[{"id":"1","name":"cat","photoUrls":[""],"status":"available"}
, {"id":"2","name":"dog","photoUrls":[""],"status":"available"}
, {"id":"3","name":"mouse","photoUrls":[""],"status":"sold"}
]
