{
    "id": "1",
    "name": "cat",
    "status": "available"
}

