[{"id":"0","category":{"id":"0","name":""},"name":"doggie","photoUrls":[""],"tags":[{"id":"0","name":""}],"status":"available"}
]
