{
    "code": "0",
    "type": "",
    "message": ""
}

