Status code: 405 METHOD_NOT_ALLOWED
Reason: Validation exception
Response headers: [Connection:"close", Content-Type:"text/plain"]
