Status code: 404 NOT_FOUND
Reason: Pet not found
Response headers: [Connection:"close", Content-Type:"text/plain"]
