Status code: 405 METHOD_NOT_ALLOWED
Reason: Invalid input
Response headers: [Connection:"close", Content-Type:"application/json"]
