Status code: 400 BAD_REQUEST
Reason: Invalid pet value
Response headers: [Connection:"close", Content-Type:"text/plain"]
