Status code: 405 METHOD_NOT_ALLOWED
Reason:
Response headers: [Connection:"close"]