Status code: 500 INTERNAL_SERVER_ERROR
Reason: Unknown exception occurred
Response headers: [Connection:"close"]
