Status code: 400 BAD_REQUEST
Reason: Invalid Order
Response headers: [Connection:"close", Content-Type:"text/plain"]
