Status code: 400 BAD_REQUEST
Reason: Invalid ID supplied
Response headers: [Connection:"close", Content-Type:"text/plain"]
