Status code: 400 BAD_REQUEST
Reason:
Response headers: [Connection:"close"]