Status code: 400 BAD_REQUEST
Reason: Invalid username/password supplied
Response headers: [Connection:"close", Content-Type:"text/plain"]
