[{"code":"200","type":"Ok","message":"Nice!"}
, {"code":"404","type":"error","message":"bad!"}
]
