{
    "code": "404",
    "type": "Error",
    "message": "Not available"
}

