{
    "id": "2",
    "petId": "3",
    "quantity": "6",
    "shipDate": "123",
    "status": "placed",
    "complete": "false"
}

