[{"id":"1","petId":"1","quantity":"1","shipDate":"11111","status":"placed","complete":"true"}
, {"id":"2","petId":"2","quantity":"2","shipDate":"222222","status":"approved","complete":"false"}
, {"id":"3","petId":"3","quantity":"3","shipDate":"33333","status":"delivered","complete":"false"}
]
