{
    "id": "1",
    "name": "MyName",
    "status": ""
}

